$ git diff --check

exit=0
$ git rev-parse HEAD
b5b46cb5c1de9cff3868398725a4c50c62938ffb

exit=0
$ git rev-parse origin/main
b5b46cb5c1de9cff3868398725a4c50c62938ffb

exit=0
$ git status --porcelain
 M 02-prototype-design.md
 M DESIGN.md
 M macos/App/AIPane.swift
 M macos/App/AppE2E.swift
 M macos/App/AppSession+Admit.swift
 M macos/App/AppSession+Export.swift
 M macos/App/AppSession+Facts.swift
 M macos/App/AppSession+Job.swift
 M macos/App/AppSession+Shelf.swift
 M macos/App/AppSession.swift
 M macos/App/ColumnHead.swift
 M macos/App/ComposerField.swift
 M macos/App/DropAgentPaths.swift
 M macos/App/ItemRowView.swift
 M macos/App/Palette.swift
 M macos/App/PanelHeader.swift
 M macos/App/PanelPreview.swift
 M macos/App/PaperButtons.swift
 M macos/App/RecipeChooser.swift
 M macos/App/ResultPane.swift
 M macos/App/ResultStack.swift
 M macos/App/ResultTakeaway.swift
 M macos/App/ShelfColumn.swift
 M macos/App/WorkPane.swift
 M macos/Check/main.swift
 M macos/Packages/DropAgentAgent/Sources/HeadlessCLI.swift
 M macos/Packages/DropAgentAgent/Sources/PrintCLI.swift
 M macos/Packages/DropAgentIngest/Sources/DropProviders.swift
 M macos/Packages/DropAgentJob/Sources/JobControl.swift
 M macos/Packages/DropAgentJob/Sources/JobService.swift
 M macos/package-app.sh
 M prototype/index.html
?? docs/
?? macos/App/Onboarding.swift
?? macos/App/OnboardingView.swift
?? specs/onboarding/

exit=0
$ git stash list -1
stash@{0}: On main: DropAgent pre-polish preservation 2026-09-08

exit=0
$ codesign --verify --strict --verbose=2 /Users/oreal/adeptify-home/repos/DropAgent/macos/dist/DropAgent Review.app
/Users/oreal/adeptify-home/repos/DropAgent/macos/dist/DropAgent Review.app: valid on disk
/Users/oreal/adeptify-home/repos/DropAgent/macos/dist/DropAgent Review.app: satisfies its Designated Requirement

exit=0
$ /usr/libexec/PlistBuddy -c Print :CFBundleIdentifier /Users/oreal/adeptify-home/repos/DropAgent/macos/dist/DropAgent Review.app/Contents/Info.plist
local.dropagent.review

exit=0
Review binary SHA256: b541b7de346c74ecccee7f260a45f4eada6a54f0909c52aff9739d557e4f96e9
签名：adhoc；未做 Developer ID 分发签名或公证。
